// Jest Snapshot v1, https://goo.gl/fbAQLP

exports[`<Main/> should render the heading 1`] = `
<main
  class="styles__Wrapper-sc-1na99y8-0 flAzlu"
>
  <img
    alt="imagem de um átomo e React Avançado escrito ao lado."
    class="styles__Logo-sc-1na99y8-1 czwBcD"
    src="/img/logo.svg"
  />
  <h1
    class="styles__Title-sc-1na99y8-2 EQvql"
  >
     React Avançado 1
  </h1>
  <h2
    class="styles__Description-sc-1na99y8-3 fRNUBP"
  >
    Typescript, ReactJS, NextJs, e Styled Components
  </h2>
  <img
    alt="Um desenvolvedor de frente para tela do computador"
    class="styles__Illustration-sc-1na99y8-4 ceDMGz"
    src="/img/hero-illustration.svg"
  />
</main>
`
